Your content will be written to the file
Your content will be written to the file
Your content will be written to the file
Your content will be written to the file
Your content will be written to the file
Your content will be written to the file
Your content will be written to the file
Your content will be written to the file
Your content will be written to the file
Your content will be written to the file
Your content will be written to the file
Your content will be written to the file
Your content will be written to the file
Your content will be written to the file
Your content will be written to the file
Your content will be written to the file
Your content will be written to the file
Your content will be written to the file
Your content will be written to the file
Your content will be written to the file
Your content will be written to the file
Your content will be written to the file
Your content will be written to the file
Your content will be written to the file
Your content will be written to the file
Your content will be written to the file
Your content will be written to the file
Your content will be written to the file
Your content will be written to the file
Your content will be written to the file
Your content will be written to the file
Your content will be written to the file
Your content will be written to the file
Your content will be written to the file
Your content will be written to the file
Your content will be written to the file
Your content will be written to the file
Your content will be written to the file
Your content will be written to the file
Your content will be written to the file
Your content will be written to the file
Your content will be written to the file
Your content will be written to the file
Your content will be written to the file
Your content will be written to the file
Your content will be written to the file
Your content will be written to the file
Your content will be written to the file
Your content will be written to the file
Your content will be written to the file
Your content will be written to the file
Your content will be written to the file
Your content will be written to the file
Your content will be written to the file
Your content will be written to the file
Your content will be written to the file
Your content will be written to the file
Your content will be written to the file
Your content will be written to the file
Your content will be written to the file
Your content will be written to the file
Your content will be written to the file
Your content will be written to the file
Your content will be written to the file
Your content will be written to the file
Your content will be written to the file
Your content will be written to the file
Your content will be written to the file
Your content will be written to the file
Your content will be written to the file
Your content will be written to the file
Your content will be written to the file
Your content will be written to the file
Your content will be written to the file
Your content will be written to the file
Your content will be written to the file
Your content will be written to the file
Your content will be written to the file
Your content will be written to the file
Your content will be written to the file
Your content will be written to the file
Your content will be written to the file
Your content will be written to the file
Your content will be written to the file
Your content will be written to the file
Your content will be written to the file
Your content will be written to the file
Your content will be written to the file
Your content will be written to the file
Your content will be written to the file
Your content will be written to the file
Your content will be written to the file
Your content will be written to the file
Your content will be written to the file
Your content will be written to the file
Your content will be written to the file
Your content will be written to the file
Your content will be written to the file
Your content will be written to the file
Your content will be written to the file
Your content will be written to the file
Your content will be written to the file
Your content will be written to the file
Your content will be written to the file
Your content will be written to the file
Your content will be written to the file
Your content will be written to the file
Your content will be written to the file
Your content will be written to the file
Your content will be written to the file
Your content will be written to the file
Your content will be written to the file
Your content will be written to the file
Your content will be written to the file
Your content will be written to the file
Your content will be written to the file
Your content will be written to the file
Your content will be written to the file
Your content will be written to the file
Your content will be written to the file
Your content will be written to the file
Your content will be written to the file
Your content will be written to the file
Your content will be written to the file
Your content will be written to the file
Your content will be written to the file
Your content will be written to the file
Your content will be written to the file
Your content will be written to the file
Your content will be written to the file
Your content will be written to the file
Your content will be written to the file
Your content will be written to the file
Your content will be written to the file
Your content will be written to the file
Your content will be written to the file
Your content will be written to the file
Your content will be written to the file
Your content will be written to the file
Your content will be written to the file
Your content will be written to the file
Your content will be written to the file
Your content will be written to the file
Your content will be written to the file
Your content will be written to the file
Your content will be written to the file
Your content will be written to the file
Your content will be written to the file
Your content will be written to the file
Your content will be written to the file
Your content will be written to the file
Your content will be written to the file
Your content will be written to the file
Your content will be written to the file
Your content will be written to the file
Your content will be written to the file
Your content will be written to the file
Your content will be written to the file
Your content will be written to the file
Your content will be written to the file
Your content will be written to the file
Your content will be written to the file
Your content will be written to the file
Your content will be written to the file
Your content will be written to the file
Your content will be written to the file
Your content will be written to the file
Your content will be written to the file
Your content will be written to the file
Your content will be written to the file
Your content will be written to the file
Your content will be written to the file
Your content will be written to the file
Your content will be written to the file
Your content will be written to the file
Your content will be written to the file
Your content will be written to the file
Your content will be written to the file
Your content will be written to the file
Your content will be written to the file
Your content will be written to the file
Your content will be written to the file
Your content will be written to the file
Your content will be written to the file
Your content will be written to the file
Your content will be written to the file
Your content will be written to the file
Your content will be written to the file
Your content will be written to the file
Your content will be written to the file
Your content will be written to the file
Your content will be written to the file
Your content will be written to the file
Your content will be written to the file
Your content will be written to the file
Your content will be written to the file
Your content will be written to the file
Your content will be written to the file
Your content will be written to the file
Your content will be written to the file
Your content will be written to the file
Your content will be written to the file
Your content will be written to the file
Your content will be written to the file
Your content will be written to the file
Your content will be written to the file
Your content will be written to the file
Your content will be written to the file
Your content will be written to the file
Your content will be written to the file
Your content will be written to the file
Your content will be written to the file
Your content will be written to the file
Your content will be written to the file
Your content will be written to the file
Your content will be written to the file
Your content will be written to the file
Your content will be written to the file
Your content will be written to the file
Your content will be written to the file
Your content will be written to the file
Your content will be written to the file
Your content will be written to the file
Your content will be written to the file
Your content will be written to the file
Your content will be written to the file
Your content will be written to the file
Your content will be written to the file
Your content will be written to the file
Your content will be written to the file
Your content will be written to the file
Your content will be written to the file
Your content will be written to the file
Your content will be written to the file
Your content will be written to the file
Your content will be written to the file
Your content will be written to the file
Your content will be written to the file
Your content will be written to the file
Your content will be written to the file
Your content will be written to the file
Your content will be written to the file
Your content will be written to the file
Your content will be written to the file
Your content will be written to the file
Your content will be written to the file
Your content will be written to the file
Your content will be written to the file
Your content will be written to the file
Your content will be written to the file
Your content will be written to the file
Your content will be written to the file
Your content will be written to the file
Your content will be written to the file
Your content will be written to the file
Your content will be written to the file
Your content will be written to the file
Your content will be written to the file
Your content will be written to the file
Your content will be written to the file
Your content will be written to the file
Your content will be written to the file
Your content will be written to the file
Your content will be written to the file
Your content will be written to the file
Your content will be written to the file
Your content will be written to the file
Your content will be written to the file
Your content will be written to the file
Your content will be written to the file
Your content will be written to the file
Your content will be written to the file
Your content will be written to the file
Your content will be written to the file
Your content will be written to the file
Your content will be written to the file
Your content will be written to the file
Your content will be written to the file
Your content will be written to the file
Your content will be written to the file
Your content will be written to the file
Your content will be written to the file
Your content will be written to the file
Your content will be written to the file
Your content will be written to the file
Your content will be written to the file
Your content will be written to the file
Your content will be written to the file
Your content will be written to the file
Your content will be written to the file
Your content will be written to the file
Your content will be written to the file
Your content will be written to the file
Your content will be written to the file
Your content will be written to the file
Your content will be written to the file
Your content will be written to the file
Your content will be written to the file
Your content will be written to the file
Your content will be written to the file
Your content will be written to the file
Your content will be written to the file
Your content will be written to the file
Your content will be written to the file

